../Inc/core_cm4.h:1688:22:__NVIC_EnableIRQ	16	static
../Inc/core_cm4.h:1816:22:__NVIC_SetPriority	16	static
../Src/digitalio.c:7:6:enable_clocks	4	static
../Src/digitalio.c:11:6:initialise_board	8	static
../Src/digitalio.c:16:6:chase_led	8	static
../Src/digitalio.c:36:6:test_callback	16	static
../Src/digitalio.c:66:6:configure_timer	8	static
../Src/digitalio.c:85:6:TIM2_IRQHandler	4	static
../Src/digitalio.c:94:6:EXTI0_IRQHandler	8	static
../Src/digitalio.c:111:6:button_init	16	static
../Src/digitalio.c:138:6:leds_init	16	static
../Src/digitalio.c:145:9:leds_get_state	16	static
../Src/digitalio.c:152:6:leds_set_state	16	static
