../Inc/core_cm4.h:1688:22:__NVIC_EnableIRQ	16	static
../Inc/core_cm4.h:1816:22:__NVIC_SetPriority	16	static
../Src/digitalio.c:7:6:enable_clocks	4	static
../Src/digitalio.c:11:6:chase_led	8	static
../Src/digitalio.c:30:6:test_callback	16	static
../Src/digitalio.c:52:6:display_pattern_callback	24	static
../Src/digitalio.c:71:6:pattern_callback_init	16	static
../Src/digitalio.c:75:6:trigger_pattern_display	16	static
../Src/digitalio.c:81:6:DigitalIO_SetPattern	16	static
../Src/digitalio.c:91:6:EXTI0_IRQHandler	8	static
../Src/digitalio.c:100:6:button_init	16	static
../Src/digitalio.c:127:6:initialise_board	4	static
../Src/digitalio.c:137:9:leds_get_state	16	static
../Src/digitalio.c:144:6:leds_set_state	16	static
