../Inc/core_cm4.h:1688:22:__NVIC_EnableIRQ	16	static
../Inc/core_cm4.h:1816:22:__NVIC_SetPriority	16	static
../Src/digitalio.c:6:6:enable_clocks	4	static
../Src/digitalio.c:10:6:initialise_board	8	static
../Src/digitalio.c:15:6:chase_led	8	static
../Src/digitalio.c:35:6:test_callback	16	static
../Src/digitalio.c:61:6:EXTI0_IRQHandler	8	static
../Src/digitalio.c:70:6:button_init	16	static
../Src/digitalio.c:97:6:leds_init	4	static
../Src/digitalio.c:107:9:leds_get_state	16	static
../Src/digitalio.c:114:6:leds_set_state	16	static
